// Jest Snapshot v1, https://goo.gl/fbAQLP

exports[`shud render DashBoard correctly 1`] = `
<div>
  Dashboard Page content
</div>
`;
