// Jest Snapshot v1, https://goo.gl/fbAQLP

exports[`shud logout on button click 1`] = `
<div
  className="box-layout"
>
  <div
    className="box-layout__box"
  >
    <h1
      className="box-layout__box__title"
    >
      Boilerplate React App
    </h1>
    <p>
      Tag line for your app
    </p>
    <button
      className="button"
      onClick={[Function]}
    >
      Login with Google
    </button>
  </div>
</div>
`;

exports[`shud render login correctly 1`] = `
<div
  className="box-layout"
>
  <div
    className="box-layout__box"
  >
    <h1
      className="box-layout__box__title"
    >
      Boilerplate React App
    </h1>
    <p>
      Tag line for your app
    </p>
    <button
      className="button"
      onClick={[Function]}
    >
      Login with Google
    </button>
  </div>
</div>
`;
